// Jest Snapshot v1, https://goo.gl/fbAQLP

exports[`Pruebas en <PrimeraApp /> Debe mostrar <PrimeraApp /> correctamente 1`] = `
<div>
  <h1>
    Hola soy un saludo :v
  </h1>
  <p>
    Soy un subtitulo
  </p>
</div>
`;
